
> frontend@1.2.1 build
> vite build

[36mvite v8.0.10 [32mbuilding client environment for production...[36m[39m
[2Ktransforming...✓ 2571 modules transformed.
[31m✗[39m Build failed in 800ms
[31merror during build:
[31mBuild failed with 19 errors:

[31m[builtin:vite-transform] Error:[0m Expected corresponding closing tag for JSX fragment.
     [38;5;246m╭[0m[38;5;246m─[0m[38;5;246m[[0m src/pages/courses/CoursesList.tsx:265:54 [38;5;246m][0m
     [38;5;246m│[0m
 [38;5;246m265 │[0m [38;5;249m [0m[38;5;249m [0m[38;5;249m [0m[38;5;249m [0m[38;5;249m [0m[38;5;249m [0m[38;5;249m [0m[38;5;249m [0m[38;5;249m [0m[38;5;249m [0m[38;5;249m [0m[38;5;249m [0m[38;5;249m [0m[38;5;249m [0m[38;5;249m [0m[38;5;249ml[0m[38;5;249ma[0m[38;5;249mb[0m[38;5;249me[0m[38;5;249ml[0m[38;5;249m=[0m[38;5;249m{[0m<>[38;5;249m{[0m[38;5;249mt[0m[38;5;249m([0m[38;5;249m'[0m[38;5;249mC[0m[38;5;249mO[0m[38;5;249mU[0m[38;5;249mR[0m[38;5;249mS[0m[38;5;249mE[0m[38;5;249mS[0m[38;5;249m.[0m[38;5;249mS[0m[38;5;249mE[0m[38;5;249mA[0m[38;5;249mR[0m[38;5;249mC[0m[38;5;249mH[0m[38;5;249mC[0m[38;5;249mO[0m[38;5;249mU[0m[38;5;249mR[0m[38;5;249mS[0m[38;5;249mE[0m[38;5;249m'[0m[38;5;249m)[0m[38;5;249m}[0m[38;5;249m<[0m[38;5;249m/[0mlabel[38;5;249m>[0m
 [38;5;240m    │[0m                       ─┬                             ──┬──  
 [38;5;240m    │[0m                        ╰──────────────────────────────────── Opened here
 [38;5;240m    │[0m                                                        │    
 [38;5;240m    │[0m                                                        ╰──── Expected `</>`
[38;5;246m─────╯[0m

[31m[builtin:vite-transform] Error:[0m Expected `}` but found `Identifier`
     [38;5;246m╭[0m[38;5;246m─[0m[38;5;246m[[0m src/pages/courses/CoursesList.tsx:266:20 [38;5;246m][0m
     [38;5;246m│[0m
 [38;5;246m266 │[0m [38;5;249m [0m[38;5;249m [0m[38;5;249m [0m[38;5;249m [0m[38;5;249m [0m[38;5;249m [0m[38;5;249m [0m[38;5;249m [0m[38;5;249m [0m[38;5;249m [0m[38;5;249m [0m[38;5;249m [0m[38;5;249m [0m[38;5;249m [0m[38;5;249m<[0m[38;5;249md[0m[38;5;249mi[0m[38;5;249mv[0m[38;5;249m [0mclassName[38;5;249m=[0m[38;5;249m"[0m[38;5;249mr[0m[38;5;249me[0m[38;5;249ml[0m[38;5;249ma[0m[38;5;249mt[0m[38;5;249mi[0m[38;5;249mv[0m[38;5;249me[0m[38;5;249m [0m[38;5;249mg[0m[38;5;249mr[0m[38;5;249mo[0m[38;5;249mu[0m[38;5;249mp[0m[38;5;249m"[0m[38;5;249m>[0m
 [38;5;240m    │[0m                    ────┬────  
 [38;5;240m    │[0m                        ╰────── `}` expected
[38;5;246m─────╯[0m

[31m[builtin:vite-transform] Error:[0m Expected corresponding closing tag for JSX fragment.
     [38;5;246m╭[0m[38;5;246m─[0m[38;5;246m[[0m src/pages/quizzes/CreateQuiz.tsx:115:17 [38;5;246m][0m
     [38;5;246m│[0m
 [38;5;246m114 │[0m [38;5;249m [0m[38;5;249m [0m[38;5;249m [0m[38;5;249m [0m[38;5;249m [0m[38;5;249m [0m[38;5;249m [0m[38;5;249m [0m[38;5;249m [0m[38;5;249m [0m[38;5;249m [0m[38;5;249m [0m[38;5;249m [0m[38;5;249m [0m[38;5;249m [0m[38;5;249ml[0m[38;5;249ma[0m[38;5;249mb[0m[38;5;249me[0m[38;5;249ml[0m[38;5;249m=[0m[38;5;249m{[0m<>[38;5;249mQ[0m[38;5;249mu[0m[38;5;249mi[0m[38;5;249mz[0m[38;5;249m [0m[38;5;249mT[0m[38;5;249mi[0m[38;5;249mt[0m[38;5;249ml[0m[38;5;249me[0m
 [38;5;240m    │[0m                       ─┬  
 [38;5;240m    │[0m                        ╰── Opened here
 [38;5;246m115 │[0m [38;5;249m [0m[38;5;249m [0m[38;5;249m [0m[38;5;249m [0m[38;5;249m [0m[38;5;249m [0m[38;5;249m [0m[38;5;249m [0m[38;5;249m [0m[38;5;249m [0m[38;5;249m [0m[38;5;249m [0m[38;5;249m [0m[38;5;249m [0m[38;5;249m<[0m[38;5;249m/[0mlabel[38;5;249m>[0m
 [38;5;240m    │[0m                 ──┬──  
 [38;5;240m    │[0m                   ╰──── Expected `</>`
[38;5;246m─────╯[0m

[31m[builtin:vite-transform] Error:[0m Expected `}` but found `Identifier`
     [38;5;246m╭[0m[38;5;246m─[0m[38;5;246m[[0m src/pages/quizzes/CreateQuiz.tsx:117:17 [38;5;246m][0m
     [38;5;246m│[0m
 [38;5;246m117 │[0m [38;5;249m [0m[38;5;249m [0m[38;5;249m [0m[38;5;249m [0m[38;5;249m [0m[38;5;249m [0m[38;5;249m [0m[38;5;249m [0m[38;5;249m [0m[38;5;249m [0m[38;5;249m [0m[38;5;249m [0m[38;5;249m [0m[38;5;249m [0m[38;5;249m [0m[38;5;249m [0mid[38;5;249m=[0m[38;5;249m"[0m[38;5;249mi[0m[38;5;249mn[0m[38;5;249mp[0m[38;5;249mu[0m[38;5;249mt[0m[38;5;249m-[0m[38;5;249mb[0m[38;5;249m1[0m[38;5;249m1[0m[38;5;249m4[0m[38;5;249m8[0m[38;5;249m4[0m[38;5;249m"[0m
 [38;5;240m    │[0m                 ─┬  
 [38;5;240m    │[0m                  ╰── `}` expected
[38;5;246m─────╯[0m

[31m[builtin:vite-transform] Error:[0m Empty parenthesized expression
     [38;5;246m╭[0m[38;5;246m─[0m[38;5;246m[[0m src/pages/registration/AdminsList.tsx:124:27 [38;5;246m][0m
     [38;5;246m│[0m
 [38;5;246m124 │[0m [38;5;249m [0m[38;5;249m [0m[38;5;249m [0m[38;5;249m [0m[38;5;249m [0m[38;5;249m [0m[38;5;249m [0m[38;5;249m [0m[38;5;249m [0m[38;5;249m [0m[38;5;249m [0m[38;5;249m [0m[38;5;249m [0m[38;5;249m [0m[38;5;249m [0m[38;5;249m [0m[38;5;249mo[0m[38;5;249mn[0m[38;5;249mC[0m[38;5;249mh[0m[38;5;249ma[0m[38;5;249mn[0m[38;5;249mg[0m[38;5;249me[0m[38;5;249m:[0m[38;5;249m [0m()[38;5;249m [0m[38;5;249m=[0m[38;5;249m [0m[38;5;249ml[0m[38;5;249ma[0m[38;5;249mb[0m[38;5;249me[0m[38;5;249ml[0m[38;5;249m=[0m[38;5;249m{[0m[38;5;249m<[0m[38;5;249m>[0m[38;5;249m{[0m[38;5;249mt[0m[38;5;249m([0m[38;5;249m'[0m[38;5;249ma[0m[38;5;249md[0m[38;5;249mm[0m[38;5;249mi[0m[38;5;249mn[0m[38;5;249ms[0m[38;5;249m.[0m[38;5;249me[0m[38;5;249mm[0m[38;5;249ma[0m[38;5;249mi[0m[38;5;249ml[0m[38;5;249m'[0m[38;5;249m)[0m[38;5;249m}[0m
 [38;5;240m    │[0m                           ─┬  
 [38;5;240m    │[0m                            ╰── 
[38;5;246m─────╯[0m

...[31m
    at aggregateBindingErrorsIntoJsError (file:///C:/Users/omar4/Desktop/University%20management%20system/frontend/node_modules/rolldown/dist/shared/error-DL-e8-oE.mjs:48:18)
    at unwrapBindingResult (file:///C:/Users/omar4/Desktop/University%20management%20system/frontend/node_modules/rolldown/dist/shared/error-DL-e8-oE.mjs:18:128)
    at #build (file:///C:/Users/omar4/Desktop/University%20management%20system/frontend/node_modules/rolldown/dist/shared/rolldown-build-DSxL8qiP.mjs:3317:34)
    at async buildEnvironment (file:///C:/Users/omar4/Desktop/University%20management%20system/frontend/node_modules/vite/dist/node/chunks/node.js:33018:64)
    at async Object.build (file:///C:/Users/omar4/Desktop/University%20management%20system/frontend/node_modules/vite/dist/node/chunks/node.js:33440:19)
    at async Object.buildApp (file:///C:/Users/omar4/Desktop/University%20management%20system/frontend/node_modules/vite/dist/node/chunks/node.js:33437:153)
    at async CAC.<anonymous> (file:///C:/Users/omar4/Desktop/University%20management%20system/frontend/node_modules/vite/dist/node/cli.js:778:3) {
  errors: [Getter/Setter]
}[39m
